// Jest Snapshot v1, https://goo.gl/fbAQLP

exports[`renders footer correctly 1`] = `
<ion-tab-bar
  slot="bottom"
>
  <ion-tab-button
    href="/home"
    tab="home"
  >
    <ion-icon
      icon="data:image/svg+xml;utf8,<svg xmlns='http://www.w3.org/2000/svg' class='ionicon' viewBox='0 0 512 512'><title>Home</title><path d='M261.56 101.28a8 8 0 00-11.06 0L66.4 277.15a8 8 0 00-2.47 5.79L63.9 448a32 32 0 0032 32H192a16 16 0 0016-16V328a8 8 0 018-8h80a8 8 0 018 8v136a16 16 0 0016 16h96.06a32 32 0 0032-32V282.94a8 8 0 00-2.47-5.79z'/><path d='M490.91 244.15l-74.8-71.56V64a16 16 0 00-16-16h-48a16 16 0 00-16 16v32l-57.92-55.38C272.77 35.14 264.71 32 256 32c-8.68 0-16.72 3.14-22.14 8.63l-212.7 203.5c-6.22 6-7 15.87-1.34 22.37A16 16 0 0043 267.56L250.5 69.28a8 8 0 0111.06 0l207.52 198.28a16 16 0 0022.59-.44c6.14-6.36 5.63-16.86-.76-22.97z'/></svg>"
    />
    <ion-label>
      Home
    </ion-label>
  </ion-tab-button>
  <ion-tab-button
    href="/offers"
    tab="offers"
  >
    <ion-icon
      icon="data:image/svg+xml;utf8,<svg xmlns='http://www.w3.org/2000/svg' class='ionicon' viewBox='0 0 512 512'><title>List</title><path stroke-linecap='round' stroke-linejoin='round' d='M160 144h288M160 256h288M160 368h288' class='ionicon-fill-none ionicon-stroke-width'/><circle cx='80' cy='144' r='16' stroke-linecap='round' stroke-linejoin='round' class='ionicon-fill-none ionicon-stroke-width'/><circle cx='80' cy='256' r='16' stroke-linecap='round' stroke-linejoin='round' class='ionicon-fill-none ionicon-stroke-width'/><circle cx='80' cy='368' r='16' stroke-linecap='round' stroke-linejoin='round' class='ionicon-fill-none ionicon-stroke-width'/></svg>"
    />
    <ion-label>
      Offers
    </ion-label>
  </ion-tab-button>
</ion-tab-bar>
`;
